
> hiking-app-frontend@1.0.0 build
> vite build

[36mvite v5.4.21 [32mbuilding for production...[36m[39m
transforming...
npm : Deprecation [legacy-js-api]: The legacy JS API is deprecated and will be 
removed in Dart Sass 2.0.0.
所在位置 行:1 字符: 1
+ npm run build > build_output.txt 2>&1; Get-Content build_output.txt | ...
+ ~~~~~~~~~~~~~~~~~~~~~~~~~~~~~~~~~~~~~
    + CategoryInfo          : NotSpecified: (Deprecation [le...art Sass 2.0.0. 
   :String) [], RemoteException
    + FullyQualifiedErrorId : NativeCommandError
 

More info: https://sass-lang.com/d/legacy-js-api
Deprecation [legacy-js-api]: The legacy JS API is deprecated and will be remove
d in Dart Sass 2.0.0.

More info: https://sass-lang.com/d/legacy-js-api
Deprecation [legacy-js-api]: The legacy JS API is deprecated and will be remove
d in Dart Sass 2.0.0.

More info: https://sass-lang.com/d/legacy-js-api
Deprecation [legacy-js-api]: The legacy JS API is deprecated and will be remove
d in Dart Sass 2.0.0.

More info: https://sass-lang.com/d/legacy-js-api
[32m鉁?[39m 241 modules transformed.
rendering chunks...
computing gzip size...
[2mdist/[22m[32mindex.html                                [39m[1m[2m  2.35 kB[22m[1m[22m[2m 鈹?gzip:  1.04 kB[22m
[2mdist/[22m[35massets/UserProfile-tn0RQdqM.css           [39m[1m[2m  0.00 kB[22m[1m[22m[2m 鈹?gzip:  0.02 kB[22m
[2mdist/[22m[35massets/HikingReport-BEmm8fKp.css          [39m[1m[2m  0.08 kB[22m[1m[22m[2m 鈹?gzip:  0.08 kB[22m
[2mdist/[22m[35massets/Activities-D4mfeJTA.css            [39m[1m[2m  0.12 kB[22m[1m[22m[2m 鈹?gzip:  0.11 kB[22m
[2mdist/[22m[35massets/ActivityApplicants-iw07HjNO.css    [39m[1m[2m  0.13 kB[22m[1m[22m[2m 鈹?gzip:  0.12 kB[22m
[2mdist/[22m[35massets/Profile-Bg8gmPyL.css               [39m[1m[2m  0.15 kB[22m[1m[22m[2m 鈹?gzip:  0.14 kB[22m
[2mdist/[22m[35massets/RouteCreator-Bymi0v8J.css          [39m[1m[2m  0.15 kB[22m[1m[22m[2m 鈹?gzip:  0.11 kB[22m
[2mdist/[22m[35massets/HikingMode-CvWe8qms.css            [39m[1m[2m  0.18 kB[22m[1m[22m[2m 鈹?gzip:  0.14 kB[22m
[2mdist/[22m[35massets/UserGuide-DZUJSP1F.css             [39m[1m[2m  0.18 kB[22m[1m[22m[2m 鈹?gzip:  0.14 kB[22m
[2mdist/[22m[35massets/PrivacySettings-kyDyGQdH.css       [39m[1m[2m  0.26 kB[22m[1m[22m[2m 鈹?gzip:  0.21 kB[22m
[2mdist/[22m[35massets/Home-EDhdFXK9.css                  [39m[1m[2m  0.30 kB[22m[1m[22m[2m 鈹?gzip:  0.20 kB[22m
[2mdist/[22m[35massets/EditProfile-D2zClDxV.css           [39m[1m[2m  0.37 kB[22m[1m[22m[2m 鈹?gzip:  0.22 kB[22m
[2mdist/[22m[35massets/MyHiking-DHMw-wBN.css              [39m[1m[2m  0.62 kB[22m[1m[22m[2m 鈹?gzip:  0.30 kB[22m
[2mdist/[22m[35massets/Discover-ody7ylv4.css              [39m[1m[2m  0.83 kB[22m[1m[22m[2m 鈹?gzip:  0.33 kB[22m
[2mdist/[22m[35massets/RouteDetail-DGRJc6Un.css           [39m[1m[2m  0.90 kB[22m[1m[22m[2m 鈹?gzip:  0.33 kB[22m
[2mdist/[22m[35massets/CreateActivity-BeZV0viQ.css        [39m[1m[2m  1.04 kB[22m[1m[22m[2m 鈹?gzip:  0.36 kB[22m
[2mdist/[22m[35massets/Login-JQK-Bof_.css                 [39m[1m[2m  1.37 kB[22m[1m[22m[2m 鈹?gzip:  0.71 kB[22m
[2mdist/[22m[35massets/Register-CRGDa_lA.css              [39m[1m[2m  1.37 kB[22m[1m[22m[2m 鈹?gzip:  0.71 kB[22m
[2mdist/[22m[35massets/RouteList-CxHtQjFy.css             [39m[1m[2m  3.29 kB[22m[1m[22m[2m 鈹?gzip:  1.02 kB[22m
[2mdist/[22m[35massets/TrackDetail-B00bFFwL.css           [39m[1m[2m  3.51 kB[22m[1m[22m[2m 鈹?gzip:  0.98 kB[22m
[2mdist/[22m[35massets/ActivityDetail-De-KPE2f.css        [39m[1m[2m  3.83 kB[22m[1m[22m[2m 鈹?gzip:  1.11 kB[22m
[2mdist/[22m[35massets/TrackRecorder-CnpMOAH1.css         [39m[1m[2m  4.00 kB[22m[1m[22m[2m 鈹?gzip:  0.97 kB[22m
[2mdist/[22m[35massets/MessageCenter-D8fvtGWv.css         [39m[1m[2m  5.49 kB[22m[1m[22m[2m 鈹?gzip:  1.31 kB[22m
[2mdist/[22m[35massets/AddFriend-wL51o1tN.css             [39m[1m[2m  6.36 kB[22m[1m[22m[2m 鈹?gzip:  1.48 kB[22m
[2mdist/[22m[35massets/index-C8P1kA5V.css                 [39m[1m[2m 53.57 kB[22m[1m[22m[2m 鈹?gzip:  9.07 kB[22m
[2mdist/[22m[36massets/track-D4rPx4TD.js                  [39m[1m[2m  0.53 kB[22m[1m[22m[2m 鈹?gzip:  0.25 kB[22m
[2mdist/[22m[36massets/constants-DRlhQpAk.js              [39m[1m[2m  0.73 kB[22m[1m[22m[2m 鈹?gzip:  0.54 kB[22m
[2mdist/[22m[36massets/activity-DzpL2XYt.js               [39m[1m[2m  0.75 kB[22m[1m[22m[2m 鈹?gzip:  0.27 kB[22m
[2mdist/[22m[36massets/upload-BR2qdtds.js                 [39m[1m[2m  0.85 kB[22m[1m[22m[2m 鈹?gzip:  0.28 kB[22m
[2mdist/[22m[36massets/route-Beik4PdF.js                  [39m[1m[2m  1.05 kB[22m[1m[22m[2m 鈹?gzip:  0.36 kB[22m
[2mdist/[22m[36massets/RouteDetail-z5NtAL9v.js            [39m[1m[2m  1.22 kB[22m[1m[22m[2m 鈹?gzip:  0.82 kB[22m
[2mdist/[22m[36massets/apiService--okSZ2Y3.js             [39m[1m[2m  1.64 kB[22m[1m[22m[2m 鈹?gzip:  0.42 kB[22m
[2mdist/[22m[36massets/Login-Cc9sbJ-9.js                  [39m[1m[2m  2.48 kB[22m[1m[22m[2m 鈹?gzip:  1.32 kB[22m
[2mdist/[22m[36massets/Register-CjYcm2eB.js               [39m[1m[2m  2.57 kB[22m[1m[22m[2m 鈹?gzip:  1.32 kB[22m
[2mdist/[22m[36massets/RouteList-gJr9t6VY.js              [39m[1m[2m  3.09 kB[22m[1m[22m[2m 鈹?gzip:  1.63 kB[22m
[2mdist/[22m[36massets/ActivityApplicants-CZOB_whn.js     [39m[1m[2m  3.79 kB[22m[1m[22m[2m 鈹?gzip:  1.82 kB[22m
[2mdist/[22m[36massets/SystemNotifications-CinfPhaX.js    [39m[1m[2m  3.89 kB[22m[1m[22m[2m 鈹?gzip:  2.27 kB[22m
[2mdist/[22m[36massets/state-BRWMog1q.js                  [39m[1m[2m  3.90 kB[22m[1m[22m[2m 鈹?gzip:  2.00 kB[22m
[2mdist/[22m[36massets/activity-C47C9rEC.js               [39m[1m[2m  3.93 kB[22m[1m[22m[2m 鈹?gzip:  1.12 kB[22m
[2mdist/[22m[36massets/Activities-dlP11wSI.js             [39m[1m[2m  4.85 kB[22m[1m[22m[2m 鈹?gzip:  2.32 kB[22m
[2mdist/[22m[36massets/TrackDetail-Bi5TcsyL.js            [39m[1m[2m  4.98 kB[22m[1m[22m[2m 鈹?gzip:  2.43 kB[22m
[2mdist/[22m[36massets/ActivityNotifications-BijLnnTX.js  [39m[1m[2m  5.63 kB[22m[1m[22m[2m 鈹?gzip:  2.81 kB[22m
[2mdist/[22m[36massets/MessageCenter-KWpq4OQq.js          [39m[1m[2m  6.92 kB[22m[1m[22m[2m 鈹?gzip:  2.84 kB[22m
[2mdist/[22m[36massets/PrivacySettings-ClIuKlsn.js        [39m[1m[2m  7.04 kB[22m[1m[22m[2m 鈹?gzip:  2.38 kB[22m
[2mdist/[22m[36massets/TrackRecorder-eTktPxRx.js          [39m[1m[2m  8.68 kB[22m[1m[22m[2m 鈹?gzip:  3.76 kB[22m
[2mdist/[22m[36massets/Messages-DCPQw_zr.js               [39m[1m[2m  9.00 kB[22m[1m[22m[2m 鈹?gzip:  3.84 kB[22m
[2mdist/[22m[36massets/Home-BnfIyT0c.js                   [39m[1m[2m  9.65 kB[22m[1m[22m[2m 鈹?gzip:  3.71 kB[22m
[2mdist/[22m[36massets/AddFriend-D7ykez0v.js              [39m[1m[2m 10.06 kB[22m[1m[22m[2m 鈹?gzip:  3.36 kB[22m
[2mdist/[22m[36massets/UserGuide-BePgQly2.js              [39m[1m[2m 10.74 kB[22m[1m[22m[2m 鈹?gzip:  4.13 kB[22m
[2mdist/[22m[36massets/UserProfile-B5HsheGu.js            [39m[1m[2m 10.76 kB[22m[1m[22m[2m 鈹?gzip:  4.63 kB[22m
[2mdist/[22m[36massets/Discover-COrCth7y.js               [39m[1m[2m 10.93 kB[22m[1m[22m[2m 鈹?gzip:  4.11 kB[22m
[2mdist/[22m[36massets/OfflineMap-Czvb3YlH.js             [39m[1m[2m 11.58 kB[22m[1m[22m[2m 鈹?gzip:  4.38 kB[22m
[2mdist/[22m[36massets/MyHiking-C65ljECO.js               [39m[1m[2m 12.23 kB[22m[1m[22m[2m 鈹?gzip:  4.22 kB[22m
[2mdist/[22m[36massets/EditProfile-DJEllgom.js            [39m[1m[2m 13.21 kB[22m[1m[22m[2m 鈹?gzip:  6.66 kB[22m
[2mdist/[22m[36massets/HikingMode-BGjNMn0Q.js             [39m[1m[2m 15.11 kB[22m[1m[22m[2m 鈹?gzip:  4.77 kB[22m
[2mdist/[22m[36massets/HikingReport-DrP2zO2d.js           [39m[1m[2m 15.66 kB[22m[1m[22m[2m 鈹?gzip:  5.44 kB[22m
[2mdist/[22m[36massets/Profile-mbA3M_Vt.js                [39m[1m[2m 16.17 kB[22m[1m[22m[2m 鈹?gzip:  5.86 kB[22m
[2mdist/[22m[36massets/RouteCreator-jvcEmByT.js           [39m[1m[2m 17.75 kB[22m[1m[22m[2m 鈹?gzip:  5.61 kB[22m
[2mdist/[22m[36massets/ChatWindow-COIzRt-Z.js             [39m[1m[2m 18.50 kB[22m[1m[22m[2m 鈹?gzip:  7.07 kB[22m
[2mdist/[22m[36massets/CreateActivity-qTz6_mUx.js         [39m[1m[2m 46.87 kB[22m[1m[22m[2m 鈹?gzip: 14.45 kB[22m
[2mdist/[22m[36massets/vue-B6Xl8iL6.js                    [39m[1m[2m101.32 kB[22m[1m[22m[2m 鈹?gzip: 39.42 kB[22m
[2mdist/[22m[36massets/index-DSiq_KRh.js                  [39m[1m[2m116.89 kB[22m[1m[22m[2m 鈹?gzip: 39.87 kB[22m
[2mdist/[22m[36massets/ActivityDetail-DRuBmYxK.js         [39m[1m[2m238.05 kB[22m[1m[22m[2m 鈹?gzip: 60.06 kB[22m
[32m鉁?built in 13.25s[39m
